------------------------------------------------------------
Timing Analyzer Summary
------------------------------------------------------------

Type  : Slow 1100mV 85C Model Setup 'reset_deb'
Slack : -7.264
TNS   : -176.159

Type  : Slow 1100mV 85C Model Setup 'dedinho'
Slack : -6.236
TNS   : -133.266

Type  : Slow 1100mV 85C Model Setup 'relogio'
Slack : -3.486
TNS   : -52.662

Type  : Slow 1100mV 85C Model Hold 'dedinho'
Slack : 0.372
TNS   : 0.000

Type  : Slow 1100mV 85C Model Hold 'relogio'
Slack : 0.428
TNS   : 0.000

Type  : Slow 1100mV 85C Model Hold 'reset_deb'
Slack : 1.251
TNS   : 0.000

Type  : Slow 1100mV 85C Model Recovery 'relogio'
Slack : -2.579
TNS   : -46.358

Type  : Slow 1100mV 85C Model Removal 'relogio'
Slack : 1.197
TNS   : 0.000

Type  : Slow 1100mV 85C Model Minimum Pulse Width 'reset_deb'
Slack : -2.636
TNS   : -58.268

Type  : Slow 1100mV 85C Model Minimum Pulse Width 'dedinho'
Slack : -2.636
TNS   : -55.254

Type  : Slow 1100mV 85C Model Minimum Pulse Width 'relogio'
Slack : -0.538
TNS   : -14.028

Type  : Slow 1100mV 0C Model Setup 'reset_deb'
Slack : -7.436
TNS   : -173.457

Type  : Slow 1100mV 0C Model Setup 'dedinho'
Slack : -6.420
TNS   : -131.299

Type  : Slow 1100mV 0C Model Setup 'relogio'
Slack : -3.289
TNS   : -48.327

Type  : Slow 1100mV 0C Model Hold 'dedinho'
Slack : 0.415
TNS   : 0.000

Type  : Slow 1100mV 0C Model Hold 'relogio'
Slack : 0.437
TNS   : 0.000

Type  : Slow 1100mV 0C Model Hold 'reset_deb'
Slack : 1.015
TNS   : 0.000

Type  : Slow 1100mV 0C Model Recovery 'relogio'
Slack : -2.331
TNS   : -41.830

Type  : Slow 1100mV 0C Model Removal 'relogio'
Slack : 0.921
TNS   : 0.000

Type  : Slow 1100mV 0C Model Minimum Pulse Width 'reset_deb'
Slack : -2.636
TNS   : -57.974

Type  : Slow 1100mV 0C Model Minimum Pulse Width 'dedinho'
Slack : -2.636
TNS   : -55.421

Type  : Slow 1100mV 0C Model Minimum Pulse Width 'relogio'
Slack : -0.538
TNS   : -14.087

Type  : Fast 1100mV 85C Model Setup 'reset_deb'
Slack : -3.824
TNS   : -97.245

Type  : Fast 1100mV 85C Model Setup 'dedinho'
Slack : -3.607
TNS   : -68.846

Type  : Fast 1100mV 85C Model Setup 'relogio'
Slack : -1.854
TNS   : -27.023

Type  : Fast 1100mV 85C Model Hold 'relogio'
Slack : 0.097
TNS   : 0.000

Type  : Fast 1100mV 85C Model Hold 'dedinho'
Slack : 0.098
TNS   : 0.000

Type  : Fast 1100mV 85C Model Hold 'reset_deb'
Slack : 0.631
TNS   : 0.000

Type  : Fast 1100mV 85C Model Recovery 'relogio'
Slack : -1.503
TNS   : -26.751

Type  : Fast 1100mV 85C Model Removal 'relogio'
Slack : 0.334
TNS   : 0.000

Type  : Fast 1100mV 85C Model Minimum Pulse Width 'reset_deb'
Slack : -2.174
TNS   : -44.573

Type  : Fast 1100mV 85C Model Minimum Pulse Width 'dedinho'
Slack : -2.174
TNS   : -36.656

Type  : Fast 1100mV 85C Model Minimum Pulse Width 'relogio'
Slack : -0.101
TNS   : -1.798

Type  : Fast 1100mV 0C Model Setup 'reset_deb'
Slack : -3.579
TNS   : -87.638

Type  : Fast 1100mV 0C Model Setup 'dedinho'
Slack : -3.198
TNS   : -61.228

Type  : Fast 1100mV 0C Model Setup 'relogio'
Slack : -1.616
TNS   : -23.841

Type  : Fast 1100mV 0C Model Hold 'relogio'
Slack : 0.007
TNS   : 0.000

Type  : Fast 1100mV 0C Model Hold 'dedinho'
Slack : 0.112
TNS   : 0.000

Type  : Fast 1100mV 0C Model Hold 'reset_deb'
Slack : 0.460
TNS   : 0.000

Type  : Fast 1100mV 0C Model Recovery 'relogio'
Slack : -1.286
TNS   : -22.846

Type  : Fast 1100mV 0C Model Removal 'relogio'
Slack : 0.185
TNS   : 0.000

Type  : Fast 1100mV 0C Model Minimum Pulse Width 'reset_deb'
Slack : -2.174
TNS   : -42.823

Type  : Fast 1100mV 0C Model Minimum Pulse Width 'dedinho'
Slack : -2.174
TNS   : -37.361

Type  : Fast 1100mV 0C Model Minimum Pulse Width 'relogio'
Slack : -0.100
TNS   : -1.794

------------------------------------------------------------
